Archive member included to satisfy reference by file (symbol)

/opt/st/stm32cubeide_1.1.0/plugins/com.st.stm32cube.ide.mcu.externaltools.gnu-tools-for-stm32.7-2018-q2-update.linux64_1.0.0.201904181610/tools/bin/../lib/gcc/arm-none-eabi/7.3.1/../../../../arm-none-eabi/lib/thumb/v7-m/libc_nano.a(lib_a-errno.o)
                              Src/syscalls.o (__errno)
/opt/st/stm32cubeide_1.1.0/plugins/com.st.stm32cube.ide.mcu.externaltools.gnu-tools-for-stm32.7-2018-q2-update.linux64_1.0.0.201904181610/tools/bin/../lib/gcc/arm-none-eabi/7.3.1/../../../../arm-none-eabi/lib/thumb/v7-m/libc_nano.a(lib_a-exit.o)
                              /opt/st/stm32cubeide_1.1.0/plugins/com.st.stm32cube.ide.mcu.externaltools.gnu-tools-for-stm32.7-2018-q2-update.linux64_1.0.0.201904181610/tools/bin/../lib/gcc/arm-none-eabi/7.3.1/../../../../arm-none-eabi/lib/thumb/v7-m/crt0.o (exit)
/opt/st/stm32cubeide_1.1.0/plugins/com.st.stm32cube.ide.mcu.externaltools.gnu-tools-for-stm32.7-2018-q2-update.linux64_1.0.0.201904181610/tools/bin/../lib/gcc/arm-none-eabi/7.3.1/../../../../arm-none-eabi/lib/thumb/v7-m/libc_nano.a(lib_a-impure.o)
                              /opt/st/stm32cubeide_1.1.0/plugins/com.st.stm32cube.ide.mcu.externaltools.gnu-tools-for-stm32.7-2018-q2-update.linux64_1.0.0.201904181610/tools/bin/../lib/gcc/arm-none-eabi/7.3.1/../../../../arm-none-eabi/lib/thumb/v7-m/libc_nano.a(lib_a-exit.o) (_global_impure_ptr)
/opt/st/stm32cubeide_1.1.0/plugins/com.st.stm32cube.ide.mcu.externaltools.gnu-tools-for-stm32.7-2018-q2-update.linux64_1.0.0.201904181610/tools/bin/../lib/gcc/arm-none-eabi/7.3.1/../../../../arm-none-eabi/lib/thumb/v7-m/libc_nano.a(lib_a-init.o)
                              /opt/st/stm32cubeide_1.1.0/plugins/com.st.stm32cube.ide.mcu.externaltools.gnu-tools-for-stm32.7-2018-q2-update.linux64_1.0.0.201904181610/tools/bin/../lib/gcc/arm-none-eabi/7.3.1/../../../../arm-none-eabi/lib/thumb/v7-m/crt0.o (__libc_init_array)
/opt/st/stm32cubeide_1.1.0/plugins/com.st.stm32cube.ide.mcu.externaltools.gnu-tools-for-stm32.7-2018-q2-update.linux64_1.0.0.201904181610/tools/bin/../lib/gcc/arm-none-eabi/7.3.1/../../../../arm-none-eabi/lib/thumb/v7-m/libc_nano.a(lib_a-memset.o)
                              /opt/st/stm32cubeide_1.1.0/plugins/com.st.stm32cube.ide.mcu.externaltools.gnu-tools-for-stm32.7-2018-q2-update.linux64_1.0.0.201904181610/tools/bin/../lib/gcc/arm-none-eabi/7.3.1/../../../../arm-none-eabi/lib/thumb/v7-m/crt0.o (memset)

Discarded input sections

 .text          0x0000000000000000        0x0 /opt/st/stm32cubeide_1.1.0/plugins/com.st.stm32cube.ide.mcu.externaltools.gnu-tools-for-stm32.7-2018-q2-update.linux64_1.0.0.201904181610/tools/bin/../lib/gcc/arm-none-eabi/7.3.1/thumb/v7-m/crti.o
 .data          0x0000000000000000        0x0 /opt/st/stm32cubeide_1.1.0/plugins/com.st.stm32cube.ide.mcu.externaltools.gnu-tools-for-stm32.7-2018-q2-update.linux64_1.0.0.201904181610/tools/bin/../lib/gcc/arm-none-eabi/7.3.1/thumb/v7-m/crti.o
 .bss           0x0000000000000000        0x0 /opt/st/stm32cubeide_1.1.0/plugins/com.st.stm32cube.ide.mcu.externaltools.gnu-tools-for-stm32.7-2018-q2-update.linux64_1.0.0.201904181610/tools/bin/../lib/gcc/arm-none-eabi/7.3.1/thumb/v7-m/crti.o
 .data          0x0000000000000000        0x4 /opt/st/stm32cubeide_1.1.0/plugins/com.st.stm32cube.ide.mcu.externaltools.gnu-tools-for-stm32.7-2018-q2-update.linux64_1.0.0.201904181610/tools/bin/../lib/gcc/arm-none-eabi/7.3.1/thumb/v7-m/crtbegin.o
 .text          0x0000000000000000       0x74 /opt/st/stm32cubeide_1.1.0/plugins/com.st.stm32cube.ide.mcu.externaltools.gnu-tools-for-stm32.7-2018-q2-update.linux64_1.0.0.201904181610/tools/bin/../lib/gcc/arm-none-eabi/7.3.1/../../../../arm-none-eabi/lib/thumb/v7-m/crt0.o
 .data          0x0000000000000000        0x0 /opt/st/stm32cubeide_1.1.0/plugins/com.st.stm32cube.ide.mcu.externaltools.gnu-tools-for-stm32.7-2018-q2-update.linux64_1.0.0.201904181610/tools/bin/../lib/gcc/arm-none-eabi/7.3.1/../../../../arm-none-eabi/lib/thumb/v7-m/crt0.o
 .bss           0x0000000000000000        0x0 /opt/st/stm32cubeide_1.1.0/plugins/com.st.stm32cube.ide.mcu.externaltools.gnu-tools-for-stm32.7-2018-q2-update.linux64_1.0.0.201904181610/tools/bin/../lib/gcc/arm-none-eabi/7.3.1/../../../../arm-none-eabi/lib/thumb/v7-m/crt0.o
 .ARM.extab     0x0000000000000000        0x0 /opt/st/stm32cubeide_1.1.0/plugins/com.st.stm32cube.ide.mcu.externaltools.gnu-tools-for-stm32.7-2018-q2-update.linux64_1.0.0.201904181610/tools/bin/../lib/gcc/arm-none-eabi/7.3.1/../../../../arm-none-eabi/lib/thumb/v7-m/crt0.o
 .ARM.exidx     0x0000000000000000        0x8 /opt/st/stm32cubeide_1.1.0/plugins/com.st.stm32cube.ide.mcu.externaltools.gnu-tools-for-stm32.7-2018-q2-update.linux64_1.0.0.201904181610/tools/bin/../lib/gcc/arm-none-eabi/7.3.1/../../../../arm-none-eabi/lib/thumb/v7-m/crt0.o
 .ARM.attributes
                0x0000000000000000       0x1b /opt/st/stm32cubeide_1.1.0/plugins/com.st.stm32cube.ide.mcu.externaltools.gnu-tools-for-stm32.7-2018-q2-update.linux64_1.0.0.201904181610/tools/bin/../lib/gcc/arm-none-eabi/7.3.1/../../../../arm-none-eabi/lib/thumb/v7-m/crt0.o
 .group         0x0000000000000000        0xc Src/cmsis_boot/system_stm32f10x.o
 .group         0x0000000000000000        0xc Src/cmsis_boot/system_stm32f10x.o
 .group         0x0000000000000000        0xc Src/cmsis_boot/system_stm32f10x.o
 .group         0x0000000000000000        0xc Src/cmsis_boot/system_stm32f10x.o
 .group         0x0000000000000000        0xc Src/cmsis_boot/system_stm32f10x.o
 .group         0x0000000000000000        0xc Src/cmsis_boot/system_stm32f10x.o
 .group         0x0000000000000000        0xc Src/cmsis_boot/system_stm32f10x.o
 .group         0x0000000000000000        0xc Src/cmsis_boot/system_stm32f10x.o
 .group         0x0000000000000000        0xc Src/cmsis_boot/system_stm32f10x.o
 .group         0x0000000000000000        0xc Src/cmsis_boot/system_stm32f10x.o
 .group         0x0000000000000000        0xc Src/cmsis_boot/system_stm32f10x.o
 .group         0x0000000000000000        0xc Src/cmsis_boot/system_stm32f10x.o
 .group         0x0000000000000000        0xc Src/cmsis_boot/system_stm32f10x.o
 .group         0x0000000000000000        0xc Src/cmsis_boot/system_stm32f10x.o
 .text          0x0000000000000000        0x0 Src/cmsis_boot/system_stm32f10x.o
 .data          0x0000000000000000        0x0 Src/cmsis_boot/system_stm32f10x.o
 .bss           0x0000000000000000        0x0 Src/cmsis_boot/system_stm32f10x.o
 .data.SystemCoreClock
                0x0000000000000000        0x4 Src/cmsis_boot/system_stm32f10x.o
 .data.AHBPrescTable
                0x0000000000000000       0x10 Src/cmsis_boot/system_stm32f10x.o
 .text.SystemCoreClockUpdate
                0x0000000000000000       0xd4 Src/cmsis_boot/system_stm32f10x.o
 .group         0x0000000000000000        0xc Src/main.o
 .group         0x0000000000000000        0xc Src/main.o
 .group         0x0000000000000000        0xc Src/main.o
 .group         0x0000000000000000        0xc Src/main.o
 .group         0x0000000000000000        0xc Src/main.o
 .group         0x0000000000000000        0xc Src/main.o
 .group         0x0000000000000000        0xc Src/main.o
 .group         0x0000000000000000        0xc Src/main.o
 .group         0x0000000000000000        0xc Src/main.o
 .group         0x0000000000000000        0xc Src/main.o
 .group         0x0000000000000000        0xc Src/main.o
 .group         0x0000000000000000        0xc Src/main.o
 .group         0x0000000000000000        0xc Src/main.o
 .group         0x0000000000000000        0xc Src/main.o
 .group         0x0000000000000000        0xc Src/main.o
 .group         0x0000000000000000        0xc Src/main.o
 .text          0x0000000000000000        0x0 Src/main.o
 .data          0x0000000000000000        0x0 Src/main.o
 .bss           0x0000000000000000        0x0 Src/main.o
 .debug_macro   0x0000000000000000      0xa60 Src/main.o
 .debug_macro   0x0000000000000000       0x62 Src/main.o
 .debug_macro   0x0000000000000000       0x3a Src/main.o
 .debug_macro   0x0000000000000000       0x22 Src/main.o
 .debug_macro   0x0000000000000000       0x8e Src/main.o
 .debug_macro   0x0000000000000000       0x51 Src/main.o
 .debug_macro   0x0000000000000000       0xef Src/main.o
 .debug_macro   0x0000000000000000       0x6a Src/main.o
 .debug_macro   0x0000000000000000      0x1df Src/main.o
 .debug_macro   0x0000000000000000       0x18 Src/main.o
 .debug_macro   0x0000000000000000      0xa8b Src/main.o
 .debug_macro   0x0000000000000000     0x7ea5 Src/main.o
 .debug_macro   0x0000000000000000       0x10 Src/main.o
 .debug_macro   0x0000000000000000       0x35 Src/main.o
 .group         0x0000000000000000        0xc Src/syscalls.o
 .group         0x0000000000000000        0xc Src/syscalls.o
 .group         0x0000000000000000        0xc Src/syscalls.o
 .group         0x0000000000000000        0xc Src/syscalls.o
 .group         0x0000000000000000        0xc Src/syscalls.o
 .group         0x0000000000000000        0xc Src/syscalls.o
 .group         0x0000000000000000        0xc Src/syscalls.o
 .group         0x0000000000000000        0xc Src/syscalls.o
 .group         0x0000000000000000        0xc Src/syscalls.o
 .group         0x0000000000000000        0xc Src/syscalls.o
 .group         0x0000000000000000        0xc Src/syscalls.o
 .group         0x0000000000000000        0xc Src/syscalls.o
 .group         0x0000000000000000        0xc Src/syscalls.o
 .group         0x0000000000000000        0xc Src/syscalls.o
 .group         0x0000000000000000        0xc Src/syscalls.o
 .group         0x0000000000000000        0xc Src/syscalls.o
 .group         0x0000000000000000        0xc Src/syscalls.o
 .group         0x0000000000000000        0xc Src/syscalls.o
 .group         0x0000000000000000        0xc Src/syscalls.o
 .group         0x0000000000000000        0xc Src/syscalls.o
 .group         0x0000000000000000        0xc Src/syscalls.o
 .group         0x0000000000000000        0xc Src/syscalls.o
 .group         0x0000000000000000        0xc Src/syscalls.o
 .group         0x0000000000000000        0xc Src/syscalls.o
 .group         0x0000000000000000        0xc Src/syscalls.o
 .group         0x0000000000000000        0xc Src/syscalls.o
 .group         0x0000000000000000        0xc Src/syscalls.o
 .group         0x0000000000000000        0xc Src/syscalls.o
 .group         0x0000000000000000        0xc Src/syscalls.o
 .group         0x0000000000000000        0xc Src/syscalls.o
 .group         0x0000000000000000        0xc Src/syscalls.o
 .group         0x0000000000000000        0xc Src/syscalls.o
 .group         0x0000000000000000        0xc Src/syscalls.o
 .group         0x0000000000000000        0xc Src/syscalls.o
 .group         0x0000000000000000        0xc Src/syscalls.o
 .group         0x0000000000000000        0xc Src/syscalls.o
 .group         0x0000000000000000        0xc Src/syscalls.o
 .group         0x0000000000000000        0xc Src/syscalls.o
 .group         0x0000000000000000        0xc Src/syscalls.o
 .group         0x0000000000000000        0xc Src/syscalls.o
 .group         0x0000000000000000        0xc Src/syscalls.o
 .group         0x0000000000000000        0xc Src/syscalls.o
 .group         0x0000000000000000        0xc Src/syscalls.o
 .group         0x0000000000000000        0xc Src/syscalls.o
 .text          0x0000000000000000        0x0 Src/syscalls.o
 .data          0x0000000000000000        0x0 Src/syscalls.o
 .bss           0x0000000000000000        0x0 Src/syscalls.o
 .bss.__env     0x0000000000000000        0x4 Src/syscalls.o
 .data.environ  0x0000000000000000        0x4 Src/syscalls.o
 .text.initialise_monitor_handles
                0x0000000000000000        0xc Src/syscalls.o
 .text._getpid  0x0000000000000000        0xe Src/syscalls.o
 .text._kill    0x0000000000000000       0x20 Src/syscalls.o
 .text._exit    0x0000000000000000       0x14 Src/syscalls.o
 .text._read    0x0000000000000000       0x3a Src/syscalls.o
 .text._write   0x0000000000000000       0x38 Src/syscalls.o
 .text._close   0x0000000000000000       0x16 Src/syscalls.o
 .text._fstat   0x0000000000000000       0x1e Src/syscalls.o
 .text._isatty  0x0000000000000000       0x14 Src/syscalls.o
 .text._lseek   0x0000000000000000       0x18 Src/syscalls.o
 .text._open    0x0000000000000000       0x1a Src/syscalls.o
 .text._wait    0x0000000000000000       0x1e Src/syscalls.o
 .text._unlink  0x0000000000000000       0x1e Src/syscalls.o
 .text._times   0x0000000000000000       0x16 Src/syscalls.o
 .text._stat    0x0000000000000000       0x1e Src/syscalls.o
 .text._link    0x0000000000000000       0x20 Src/syscalls.o
 .text._fork    0x0000000000000000       0x16 Src/syscalls.o
 .text._execve  0x0000000000000000       0x22 Src/syscalls.o
 .debug_info    0x0000000000000000      0xebd Src/syscalls.o
 .debug_abbrev  0x0000000000000000      0x261 Src/syscalls.o
 .debug_aranges
                0x0000000000000000       0xa8 Src/syscalls.o
 .debug_ranges  0x0000000000000000       0x98 Src/syscalls.o
 .debug_macro   0x0000000000000000      0x243 Src/syscalls.o
 .debug_macro   0x0000000000000000      0xa60 Src/syscalls.o
 .debug_macro   0x0000000000000000       0x22 Src/syscalls.o
 .debug_macro   0x0000000000000000       0x40 Src/syscalls.o
 .debug_macro   0x0000000000000000       0x18 Src/syscalls.o
 .debug_macro   0x0000000000000000       0x94 Src/syscalls.o
 .debug_macro   0x0000000000000000       0x3c Src/syscalls.o
 .debug_macro   0x0000000000000000       0x34 Src/syscalls.o
 .debug_macro   0x0000000000000000       0x57 Src/syscalls.o
 .debug_macro   0x0000000000000000      0x174 Src/syscalls.o
 .debug_macro   0x0000000000000000      0x330 Src/syscalls.o
 .debug_macro   0x0000000000000000       0x52 Src/syscalls.o
 .debug_macro   0x0000000000000000       0x1f Src/syscalls.o
 .debug_macro   0x0000000000000000       0x43 Src/syscalls.o
 .debug_macro   0x0000000000000000       0x20 Src/syscalls.o
 .debug_macro   0x0000000000000000      0x1a3 Src/syscalls.o
 .debug_macro   0x0000000000000000       0x10 Src/syscalls.o
 .debug_macro   0x0000000000000000       0x35 Src/syscalls.o
 .debug_macro   0x0000000000000000       0x10 Src/syscalls.o
 .debug_macro   0x0000000000000000       0x10 Src/syscalls.o
 .debug_macro   0x0000000000000000       0x10 Src/syscalls.o
 .debug_macro   0x0000000000000000       0x6a Src/syscalls.o
 .debug_macro   0x0000000000000000       0x1c Src/syscalls.o
 .debug_macro   0x0000000000000000       0x52 Src/syscalls.o
 .debug_macro   0x0000000000000000       0x40 Src/syscalls.o
 .debug_macro   0x0000000000000000       0x10 Src/syscalls.o
 .debug_macro   0x0000000000000000       0x40 Src/syscalls.o
 .debug_macro   0x0000000000000000       0xd7 Src/syscalls.o
 .debug_macro   0x0000000000000000       0x1c Src/syscalls.o
 .debug_macro   0x0000000000000000       0x3d Src/syscalls.o
 .debug_macro   0x0000000000000000       0x35 Src/syscalls.o
 .debug_macro   0x0000000000000000      0x122 Src/syscalls.o
 .debug_macro   0x0000000000000000       0x16 Src/syscalls.o
 .debug_macro   0x0000000000000000       0x16 Src/syscalls.o
 .debug_macro   0x0000000000000000       0x29 Src/syscalls.o
 .debug_macro   0x0000000000000000       0x10 Src/syscalls.o
 .debug_macro   0x0000000000000000      0x241 Src/syscalls.o
 .debug_macro   0x0000000000000000       0x1c Src/syscalls.o
 .debug_macro   0x0000000000000000       0x10 Src/syscalls.o
 .debug_macro   0x0000000000000000       0x10 Src/syscalls.o
 .debug_macro   0x0000000000000000       0x16 Src/syscalls.o
 .debug_macro   0x0000000000000000      0x145 Src/syscalls.o
 .debug_macro   0x0000000000000000      0x189 Src/syscalls.o
 .debug_macro   0x0000000000000000       0x16 Src/syscalls.o
 .debug_macro   0x0000000000000000       0x88 Src/syscalls.o
 .debug_line    0x0000000000000000      0x710 Src/syscalls.o
 .debug_str     0x0000000000000000     0x886e Src/syscalls.o
 .comment       0x0000000000000000       0x7c Src/syscalls.o
 .debug_frame   0x0000000000000000      0x2ac Src/syscalls.o
 .ARM.attributes
                0x0000000000000000       0x33 Src/syscalls.o
 .group         0x0000000000000000        0xc Src/sysmem.o
 .group         0x0000000000000000        0xc Src/sysmem.o
 .group         0x0000000000000000        0xc Src/sysmem.o
 .group         0x0000000000000000        0xc Src/sysmem.o
 .group         0x0000000000000000        0xc Src/sysmem.o
 .group         0x0000000000000000        0xc Src/sysmem.o
 .group         0x0000000000000000        0xc Src/sysmem.o
 .group         0x0000000000000000        0xc Src/sysmem.o
 .group         0x0000000000000000        0xc Src/sysmem.o
 .group         0x0000000000000000        0xc Src/sysmem.o
 .group         0x0000000000000000        0xc Src/sysmem.o
 .group         0x0000000000000000        0xc Src/sysmem.o
 .group         0x0000000000000000        0xc Src/sysmem.o
 .group         0x0000000000000000        0xc Src/sysmem.o
 .group         0x0000000000000000        0xc Src/sysmem.o
 .group         0x0000000000000000        0xc Src/sysmem.o
 .group         0x0000000000000000        0xc Src/sysmem.o
 .group         0x0000000000000000        0xc Src/sysmem.o
 .group         0x0000000000000000        0xc Src/sysmem.o
 .group         0x0000000000000000        0xc Src/sysmem.o
 .group         0x0000000000000000        0xc Src/sysmem.o
 .group         0x0000000000000000        0xc Src/sysmem.o
 .group         0x0000000000000000        0xc Src/sysmem.o
 .group         0x0000000000000000        0xc Src/sysmem.o
 .group         0x0000000000000000        0xc Src/sysmem.o
 .group         0x0000000000000000        0xc Src/sysmem.o
 .group         0x0000000000000000        0xc Src/sysmem.o
 .group         0x0000000000000000        0xc Src/sysmem.o
 .group         0x0000000000000000        0xc Src/sysmem.o
 .group         0x0000000000000000        0xc Src/sysmem.o
 .group         0x0000000000000000        0xc Src/sysmem.o
 .group         0x0000000000000000        0xc Src/sysmem.o
 .text          0x0000000000000000        0x0 Src/sysmem.o
 .data          0x0000000000000000        0x0 Src/sysmem.o
 .bss           0x0000000000000000        0x0 Src/sysmem.o
 .bss.heap_end.5149
                0x0000000000000000        0x4 Src/sysmem.o
 .text._sbrk    0x0000000000000000       0x58 Src/sysmem.o
 .debug_info    0x0000000000000000      0x91c Src/sysmem.o
 .debug_abbrev  0x0000000000000000      0x1bb Src/sysmem.o
 .debug_aranges
                0x0000000000000000       0x20 Src/sysmem.o
 .debug_ranges  0x0000000000000000       0x10 Src/sysmem.o
 .debug_macro   0x0000000000000000      0x1ae Src/sysmem.o
 .debug_macro   0x0000000000000000      0xa60 Src/sysmem.o
 .debug_macro   0x0000000000000000       0x10 Src/sysmem.o
 .debug_macro   0x0000000000000000       0x22 Src/sysmem.o
 .debug_macro   0x0000000000000000       0x40 Src/sysmem.o
 .debug_macro   0x0000000000000000       0x18 Src/sysmem.o
 .debug_macro   0x0000000000000000       0x94 Src/sysmem.o
 .debug_macro   0x0000000000000000       0x3c Src/sysmem.o
 .debug_macro   0x0000000000000000       0x34 Src/sysmem.o
 .debug_macro   0x0000000000000000      0x174 Src/sysmem.o
 .debug_macro   0x0000000000000000       0x57 Src/sysmem.o
 .debug_macro   0x0000000000000000       0x52 Src/sysmem.o
 .debug_macro   0x0000000000000000       0x1f Src/sysmem.o
 .debug_macro   0x0000000000000000       0x43 Src/sysmem.o
 .debug_macro   0x0000000000000000       0x20 Src/sysmem.o
 .debug_macro   0x0000000000000000      0x1a3 Src/sysmem.o
 .debug_macro   0x0000000000000000      0x23b Src/sysmem.o
 .debug_macro   0x0000000000000000       0x16 Src/sysmem.o
 .debug_macro   0x0000000000000000       0x35 Src/sysmem.o
 .debug_macro   0x0000000000000000      0x330 Src/sysmem.o
 .debug_macro   0x0000000000000000       0x10 Src/sysmem.o
 .debug_macro   0x0000000000000000       0x10 Src/sysmem.o
 .debug_macro   0x0000000000000000       0x6a Src/sysmem.o
 .debug_macro   0x0000000000000000       0x1c Src/sysmem.o
 .debug_macro   0x0000000000000000       0x52 Src/sysmem.o
 .debug_macro   0x0000000000000000       0x40 Src/sysmem.o
 .debug_macro   0x0000000000000000       0x10 Src/sysmem.o
 .debug_macro   0x0000000000000000       0x40 Src/sysmem.o
 .debug_macro   0x0000000000000000       0xd7 Src/sysmem.o
 .debug_macro   0x0000000000000000       0x1c Src/sysmem.o
 .debug_macro   0x0000000000000000       0x3d Src/sysmem.o
 .debug_macro   0x0000000000000000       0x16 Src/sysmem.o
 .debug_macro   0x0000000000000000      0x145 Src/sysmem.o
 .debug_line    0x0000000000000000      0x52c Src/sysmem.o
 .debug_str     0x0000000000000000     0x7ac7 Src/sysmem.o
 .comment       0x0000000000000000       0x7c Src/sysmem.o
 .debug_frame   0x0000000000000000       0x34 Src/sysmem.o
 .ARM.attributes
                0x0000000000000000       0x33 Src/sysmem.o
 .group         0x0000000000000000        0xc Src/stm_lib/src/stm32f10x_gpio.o
 .group         0x0000000000000000        0xc Src/stm_lib/src/stm32f10x_gpio.o
 .group         0x0000000000000000        0xc Src/stm_lib/src/stm32f10x_gpio.o
 .group         0x0000000000000000        0xc Src/stm_lib/src/stm32f10x_gpio.o
 .group         0x0000000000000000        0xc Src/stm_lib/src/stm32f10x_gpio.o
 .group         0x0000000000000000        0xc Src/stm_lib/src/stm32f10x_gpio.o
 .group         0x0000000000000000        0xc Src/stm_lib/src/stm32f10x_gpio.o
 .group         0x0000000000000000        0xc Src/stm_lib/src/stm32f10x_gpio.o
 .group         0x0000000000000000        0xc Src/stm_lib/src/stm32f10x_gpio.o
 .group         0x0000000000000000        0xc Src/stm_lib/src/stm32f10x_gpio.o
 .group         0x0000000000000000        0xc Src/stm_lib/src/stm32f10x_gpio.o
 .group         0x0000000000000000        0xc Src/stm_lib/src/stm32f10x_gpio.o
 .group         0x0000000000000000        0xc Src/stm_lib/src/stm32f10x_gpio.o
 .group         0x0000000000000000        0xc Src/stm_lib/src/stm32f10x_gpio.o
 .group         0x0000000000000000        0xc Src/stm_lib/src/stm32f10x_gpio.o
 .group         0x0000000000000000        0xc Src/stm_lib/src/stm32f10x_gpio.o
 .text          0x0000000000000000        0x0 Src/stm_lib/src/stm32f10x_gpio.o
 .data          0x0000000000000000        0x0 Src/stm_lib/src/stm32f10x_gpio.o
 .bss           0x0000000000000000        0x0 Src/stm_lib/src/stm32f10x_gpio.o
 .text.GPIO_DeInit
                0x0000000000000000       0xe4 Src/stm_lib/src/stm32f10x_gpio.o
 .text.GPIO_AFIODeInit
                0x0000000000000000       0x18 Src/stm_lib/src/stm32f10x_gpio.o
 .text.GPIO_StructInit
                0x0000000000000000       0x26 Src/stm_lib/src/stm32f10x_gpio.o
 .text.GPIO_ReadInputDataBit
                0x0000000000000000       0x32 Src/stm_lib/src/stm32f10x_gpio.o
 .text.GPIO_ReadInputData
                0x0000000000000000       0x18 Src/stm_lib/src/stm32f10x_gpio.o
 .text.GPIO_ReadOutputDataBit
                0x0000000000000000       0x32 Src/stm_lib/src/stm32f10x_gpio.o
 .text.GPIO_ReadOutputData
                0x0000000000000000       0x18 Src/stm_lib/src/stm32f10x_gpio.o
 .text.GPIO_SetBits
                0x0000000000000000       0x1c Src/stm_lib/src/stm32f10x_gpio.o
 .text.GPIO_WriteBit
                0x0000000000000000       0x2e Src/stm_lib/src/stm32f10x_gpio.o
 .text.GPIO_Write
                0x0000000000000000       0x1c Src/stm_lib/src/stm32f10x_gpio.o
 .text.GPIO_PinLockConfig
                0x0000000000000000       0x42 Src/stm_lib/src/stm32f10x_gpio.o
 .text.GPIO_EventOutputConfig
                0x0000000000000000       0x4c Src/stm_lib/src/stm32f10x_gpio.o
 .text.GPIO_EventOutputCmd
                0x0000000000000000       0x20 Src/stm_lib/src/stm32f10x_gpio.o
 .text.GPIO_PinRemapConfig
                0x0000000000000000       0xe0 Src/stm_lib/src/stm32f10x_gpio.o
 .text.GPIO_EXTILineConfig
                0x0000000000000000       0x80 Src/stm_lib/src/stm32f10x_gpio.o
 .text.GPIO_ETH_MediaInterfaceConfig
                0x0000000000000000       0x1c Src/stm_lib/src/stm32f10x_gpio.o
 .debug_macro   0x0000000000000000      0xa60 Src/stm_lib/src/stm32f10x_gpio.o
 .debug_macro   0x0000000000000000       0x62 Src/stm_lib/src/stm32f10x_gpio.o
 .debug_macro   0x0000000000000000       0x3a Src/stm_lib/src/stm32f10x_gpio.o
 .debug_macro   0x0000000000000000       0x22 Src/stm_lib/src/stm32f10x_gpio.o
 .debug_macro   0x0000000000000000       0x8e Src/stm_lib/src/stm32f10x_gpio.o
 .debug_macro   0x0000000000000000       0x51 Src/stm_lib/src/stm32f10x_gpio.o
 .debug_macro   0x0000000000000000       0xef Src/stm_lib/src/stm32f10x_gpio.o
 .debug_macro   0x0000000000000000       0x6a Src/stm_lib/src/stm32f10x_gpio.o
 .debug_macro   0x0000000000000000      0x1df Src/stm_lib/src/stm32f10x_gpio.o
 .debug_macro   0x0000000000000000       0x18 Src/stm_lib/src/stm32f10x_gpio.o
 .debug_macro   0x0000000000000000      0xa8b Src/stm_lib/src/stm32f10x_gpio.o
 .debug_macro   0x0000000000000000     0x7ea5 Src/stm_lib/src/stm32f10x_gpio.o
 .debug_macro   0x0000000000000000       0x10 Src/stm_lib/src/stm32f10x_gpio.o
 .debug_macro   0x0000000000000000       0x35 Src/stm_lib/src/stm32f10x_gpio.o
 .debug_macro   0x0000000000000000      0x461 Src/stm_lib/src/stm32f10x_gpio.o
 .group         0x0000000000000000        0xc Src/stm_lib/src/stm32f10x_rcc.o
 .group         0x0000000000000000        0xc Src/stm_lib/src/stm32f10x_rcc.o
 .group         0x0000000000000000        0xc Src/stm_lib/src/stm32f10x_rcc.o
 .group         0x0000000000000000        0xc Src/stm_lib/src/stm32f10x_rcc.o
 .group         0x0000000000000000        0xc Src/stm_lib/src/stm32f10x_rcc.o
 .group         0x0000000000000000        0xc Src/stm_lib/src/stm32f10x_rcc.o
 .group         0x0000000000000000        0xc Src/stm_lib/src/stm32f10x_rcc.o
 .group         0x0000000000000000        0xc Src/stm_lib/src/stm32f10x_rcc.o
 .group         0x0000000000000000        0xc Src/stm_lib/src/stm32f10x_rcc.o
 .group         0x0000000000000000        0xc Src/stm_lib/src/stm32f10x_rcc.o
 .group         0x0000000000000000        0xc Src/stm_lib/src/stm32f10x_rcc.o
 .group         0x0000000000000000        0xc Src/stm_lib/src/stm32f10x_rcc.o
 .group         0x0000000000000000        0xc Src/stm_lib/src/stm32f10x_rcc.o
 .group         0x0000000000000000        0xc Src/stm_lib/src/stm32f10x_rcc.o
 .group         0x0000000000000000        0xc Src/stm_lib/src/stm32f10x_rcc.o
 .text          0x0000000000000000        0x0 Src/stm_lib/src/stm32f10x_rcc.o
 .data          0x0000000000000000        0x0 Src/stm_lib/src/stm32f10x_rcc.o
 .bss           0x0000000000000000        0x0 Src/stm_lib/src/stm32f10x_rcc.o
 .data.APBAHBPrescTable
                0x0000000000000000       0x10 Src/stm_lib/src/stm32f10x_rcc.o
 .data.ADCPrescTable
                0x0000000000000000        0x4 Src/stm_lib/src/stm32f10x_rcc.o
 .text.RCC_WaitForHSEStartUp
                0x0000000000000000       0x50 Src/stm_lib/src/stm32f10x_rcc.o
 .text.RCC_AdjustHSICalibrationValue
                0x0000000000000000       0x3c Src/stm_lib/src/stm32f10x_rcc.o
 .text.RCC_GetSYSCLKSource
                0x0000000000000000       0x1c Src/stm_lib/src/stm32f10x_rcc.o
 .text.RCC_HCLKConfig
                0x0000000000000000       0x38 Src/stm_lib/src/stm32f10x_rcc.o
 .text.RCC_PCLK1Config
                0x0000000000000000       0x38 Src/stm_lib/src/stm32f10x_rcc.o
 .text.RCC_PCLK2Config
                0x0000000000000000       0x38 Src/stm_lib/src/stm32f10x_rcc.o
 .text.RCC_ITConfig
                0x0000000000000000       0x4c Src/stm_lib/src/stm32f10x_rcc.o
 .text.RCC_USBCLKConfig
                0x0000000000000000       0x1c Src/stm_lib/src/stm32f10x_rcc.o
 .text.RCC_ADCCLKConfig
                0x0000000000000000       0x38 Src/stm_lib/src/stm32f10x_rcc.o
 .text.RCC_LSEConfig
                0x0000000000000000       0x40 Src/stm_lib/src/stm32f10x_rcc.o
 .text.RCC_LSICmd
                0x0000000000000000       0x20 Src/stm_lib/src/stm32f10x_rcc.o
 .text.RCC_RTCCLKConfig
                0x0000000000000000       0x24 Src/stm_lib/src/stm32f10x_rcc.o
 .text.RCC_RTCCLKCmd
                0x0000000000000000       0x20 Src/stm_lib/src/stm32f10x_rcc.o
 .text.RCC_GetClocksFreq
                0x0000000000000000      0x15c Src/stm_lib/src/stm32f10x_rcc.o
 .text.RCC_AHBPeriphClockCmd
                0x0000000000000000       0x3c Src/stm_lib/src/stm32f10x_rcc.o
 .text.RCC_APB1PeriphClockCmd
                0x0000000000000000       0x3c Src/stm_lib/src/stm32f10x_rcc.o
 .text.RCC_APB2PeriphResetCmd
                0x0000000000000000       0x3c Src/stm_lib/src/stm32f10x_rcc.o
 .text.RCC_APB1PeriphResetCmd
                0x0000000000000000       0x3c Src/stm_lib/src/stm32f10x_rcc.o
 .text.RCC_BackupResetCmd
                0x0000000000000000       0x20 Src/stm_lib/src/stm32f10x_rcc.o
 .text.RCC_ClockSecuritySystemCmd
                0x0000000000000000       0x20 Src/stm_lib/src/stm32f10x_rcc.o
 .text.RCC_MCOConfig
                0x0000000000000000       0x20 Src/stm_lib/src/stm32f10x_rcc.o
 .text.RCC_GetFlagStatus
                0x0000000000000000       0x74 Src/stm_lib/src/stm32f10x_rcc.o
 .text.RCC_ClearFlag
                0x0000000000000000       0x1c Src/stm_lib/src/stm32f10x_rcc.o
 .text.RCC_GetITStatus
                0x0000000000000000       0x34 Src/stm_lib/src/stm32f10x_rcc.o
 .text.RCC_ClearITPendingBit
                0x0000000000000000       0x20 Src/stm_lib/src/stm32f10x_rcc.o
 .debug_macro   0x0000000000000000      0xa60 Src/stm_lib/src/stm32f10x_rcc.o
 .debug_macro   0x0000000000000000       0x62 Src/stm_lib/src/stm32f10x_rcc.o
 .debug_macro   0x0000000000000000       0x3a Src/stm_lib/src/stm32f10x_rcc.o
 .debug_macro   0x0000000000000000       0x22 Src/stm_lib/src/stm32f10x_rcc.o
 .debug_macro   0x0000000000000000       0x8e Src/stm_lib/src/stm32f10x_rcc.o
 .debug_macro   0x0000000000000000       0x51 Src/stm_lib/src/stm32f10x_rcc.o
 .debug_macro   0x0000000000000000       0xef Src/stm_lib/src/stm32f10x_rcc.o
 .debug_macro   0x0000000000000000       0x6a Src/stm_lib/src/stm32f10x_rcc.o
 .debug_macro   0x0000000000000000      0x1df Src/stm_lib/src/stm32f10x_rcc.o
 .debug_macro   0x0000000000000000       0x18 Src/stm_lib/src/stm32f10x_rcc.o
 .debug_macro   0x0000000000000000      0xa8b Src/stm_lib/src/stm32f10x_rcc.o
 .debug_macro   0x0000000000000000     0x7ea5 Src/stm_lib/src/stm32f10x_rcc.o
 .debug_macro   0x0000000000000000       0x10 Src/stm_lib/src/stm32f10x_rcc.o
 .debug_macro   0x0000000000000000       0x35 Src/stm_lib/src/stm32f10x_rcc.o
 .text          0x0000000000000000       0x14 Startup/startup_stm32f100rbtx.o
 .data          0x0000000000000000        0x0 Startup/startup_stm32f100rbtx.o
 .bss           0x0000000000000000        0x0 Startup/startup_stm32f100rbtx.o
 .text          0x0000000000000000        0x0 /opt/st/stm32cubeide_1.1.0/plugins/com.st.stm32cube.ide.mcu.externaltools.gnu-tools-for-stm32.7-2018-q2-update.linux64_1.0.0.201904181610/tools/bin/../lib/gcc/arm-none-eabi/7.3.1/../../../../arm-none-eabi/lib/thumb/v7-m/libc_nano.a(lib_a-errno.o)
 .data          0x0000000000000000        0x0 /opt/st/stm32cubeide_1.1.0/plugins/com.st.stm32cube.ide.mcu.externaltools.gnu-tools-for-stm32.7-2018-q2-update.linux64_1.0.0.201904181610/tools/bin/../lib/gcc/arm-none-eabi/7.3.1/../../../../arm-none-eabi/lib/thumb/v7-m/libc_nano.a(lib_a-errno.o)
 .bss           0x0000000000000000        0x0 /opt/st/stm32cubeide_1.1.0/plugins/com.st.stm32cube.ide.mcu.externaltools.gnu-tools-for-stm32.7-2018-q2-update.linux64_1.0.0.201904181610/tools/bin/../lib/gcc/arm-none-eabi/7.3.1/../../../../arm-none-eabi/lib/thumb/v7-m/libc_nano.a(lib_a-errno.o)
 .text.__errno  0x0000000000000000        0xc /opt/st/stm32cubeide_1.1.0/plugins/com.st.stm32cube.ide.mcu.externaltools.gnu-tools-for-stm32.7-2018-q2-update.linux64_1.0.0.201904181610/tools/bin/../lib/gcc/arm-none-eabi/7.3.1/../../../../arm-none-eabi/lib/thumb/v7-m/libc_nano.a(lib_a-errno.o)
 .debug_frame   0x0000000000000000       0x20 /opt/st/stm32cubeide_1.1.0/plugins/com.st.stm32cube.ide.mcu.externaltools.gnu-tools-for-stm32.7-2018-q2-update.linux64_1.0.0.201904181610/tools/bin/../lib/gcc/arm-none-eabi/7.3.1/../../../../arm-none-eabi/lib/thumb/v7-m/libc_nano.a(lib_a-errno.o)
 .ARM.attributes
                0x0000000000000000       0x2d /opt/st/stm32cubeide_1.1.0/plugins/com.st.stm32cube.ide.mcu.externaltools.gnu-tools-for-stm32.7-2018-q2-update.linux64_1.0.0.201904181610/tools/bin/../lib/gcc/arm-none-eabi/7.3.1/../../../../arm-none-eabi/lib/thumb/v7-m/libc_nano.a(lib_a-errno.o)
 .text          0x0000000000000000        0x0 /opt/st/stm32cubeide_1.1.0/plugins/com.st.stm32cube.ide.mcu.externaltools.gnu-tools-for-stm32.7-2018-q2-update.linux64_1.0.0.201904181610/tools/bin/../lib/gcc/arm-none-eabi/7.3.1/../../../../arm-none-eabi/lib/thumb/v7-m/libc_nano.a(lib_a-exit.o)
 .data          0x0000000000000000        0x0 /opt/st/stm32cubeide_1.1.0/plugins/com.st.stm32cube.ide.mcu.externaltools.gnu-tools-for-stm32.7-2018-q2-update.linux64_1.0.0.201904181610/tools/bin/../lib/gcc/arm-none-eabi/7.3.1/../../../../arm-none-eabi/lib/thumb/v7-m/libc_nano.a(lib_a-exit.o)
 .bss           0x0000000000000000        0x0 /opt/st/stm32cubeide_1.1.0/plugins/com.st.stm32cube.ide.mcu.externaltools.gnu-tools-for-stm32.7-2018-q2-update.linux64_1.0.0.201904181610/tools/bin/../lib/gcc/arm-none-eabi/7.3.1/../../../../arm-none-eabi/lib/thumb/v7-m/libc_nano.a(lib_a-exit.o)
 .text.exit     0x0000000000000000       0x28 /opt/st/stm32cubeide_1.1.0/plugins/com.st.stm32cube.ide.mcu.externaltools.gnu-tools-for-stm32.7-2018-q2-update.linux64_1.0.0.201904181610/tools/bin/../lib/gcc/arm-none-eabi/7.3.1/../../../../arm-none-eabi/lib/thumb/v7-m/libc_nano.a(lib_a-exit.o)
 .debug_frame   0x0000000000000000       0x28 /opt/st/stm32cubeide_1.1.0/plugins/com.st.stm32cube.ide.mcu.externaltools.gnu-tools-for-stm32.7-2018-q2-update.linux64_1.0.0.201904181610/tools/bin/../lib/gcc/arm-none-eabi/7.3.1/../../../../arm-none-eabi/lib/thumb/v7-m/libc_nano.a(lib_a-exit.o)
 .ARM.attributes
                0x0000000000000000       0x2d /opt/st/stm32cubeide_1.1.0/plugins/com.st.stm32cube.ide.mcu.externaltools.gnu-tools-for-stm32.7-2018-q2-update.linux64_1.0.0.201904181610/tools/bin/../lib/gcc/arm-none-eabi/7.3.1/../../../../arm-none-eabi/lib/thumb/v7-m/libc_nano.a(lib_a-exit.o)
 .text          0x0000000000000000        0x0 /opt/st/stm32cubeide_1.1.0/plugins/com.st.stm32cube.ide.mcu.externaltools.gnu-tools-for-stm32.7-2018-q2-update.linux64_1.0.0.201904181610/tools/bin/../lib/gcc/arm-none-eabi/7.3.1/../../../../arm-none-eabi/lib/thumb/v7-m/libc_nano.a(lib_a-impure.o)
 .data          0x0000000000000000        0x0 /opt/st/stm32cubeide_1.1.0/plugins/com.st.stm32cube.ide.mcu.externaltools.gnu-tools-for-stm32.7-2018-q2-update.linux64_1.0.0.201904181610/tools/bin/../lib/gcc/arm-none-eabi/7.3.1/../../../../arm-none-eabi/lib/thumb/v7-m/libc_nano.a(lib_a-impure.o)
 .bss           0x0000000000000000        0x0 /opt/st/stm32cubeide_1.1.0/plugins/com.st.stm32cube.ide.mcu.externaltools.gnu-tools-for-stm32.7-2018-q2-update.linux64_1.0.0.201904181610/tools/bin/../lib/gcc/arm-none-eabi/7.3.1/../../../../arm-none-eabi/lib/thumb/v7-m/libc_nano.a(lib_a-impure.o)
 .data._impure_ptr
                0x0000000000000000        0x4 /opt/st/stm32cubeide_1.1.0/plugins/com.st.stm32cube.ide.mcu.externaltools.gnu-tools-for-stm32.7-2018-q2-update.linux64_1.0.0.201904181610/tools/bin/../lib/gcc/arm-none-eabi/7.3.1/../../../../arm-none-eabi/lib/thumb/v7-m/libc_nano.a(lib_a-impure.o)
 .data.impure_data
                0x0000000000000000       0x60 /opt/st/stm32cubeide_1.1.0/plugins/com.st.stm32cube.ide.mcu.externaltools.gnu-tools-for-stm32.7-2018-q2-update.linux64_1.0.0.201904181610/tools/bin/../lib/gcc/arm-none-eabi/7.3.1/../../../../arm-none-eabi/lib/thumb/v7-m/libc_nano.a(lib_a-impure.o)
 .rodata._global_impure_ptr
                0x0000000000000000        0x4 /opt/st/stm32cubeide_1.1.0/plugins/com.st.stm32cube.ide.mcu.externaltools.gnu-tools-for-stm32.7-2018-q2-update.linux64_1.0.0.201904181610/tools/bin/../lib/gcc/arm-none-eabi/7.3.1/../../../../arm-none-eabi/lib/thumb/v7-m/libc_nano.a(lib_a-impure.o)
 .ARM.attributes
                0x0000000000000000       0x2d /opt/st/stm32cubeide_1.1.0/plugins/com.st.stm32cube.ide.mcu.externaltools.gnu-tools-for-stm32.7-2018-q2-update.linux64_1.0.0.201904181610/tools/bin/../lib/gcc/arm-none-eabi/7.3.1/../../../../arm-none-eabi/lib/thumb/v7-m/libc_nano.a(lib_a-impure.o)
 .text          0x0000000000000000        0x0 /opt/st/stm32cubeide_1.1.0/plugins/com.st.stm32cube.ide.mcu.externaltools.gnu-tools-for-stm32.7-2018-q2-update.linux64_1.0.0.201904181610/tools/bin/../lib/gcc/arm-none-eabi/7.3.1/../../../../arm-none-eabi/lib/thumb/v7-m/libc_nano.a(lib_a-init.o)
 .data          0x0000000000000000        0x0 /opt/st/stm32cubeide_1.1.0/plugins/com.st.stm32cube.ide.mcu.externaltools.gnu-tools-for-stm32.7-2018-q2-update.linux64_1.0.0.201904181610/tools/bin/../lib/gcc/arm-none-eabi/7.3.1/../../../../arm-none-eabi/lib/thumb/v7-m/libc_nano.a(lib_a-init.o)
 .bss           0x0000000000000000        0x0 /opt/st/stm32cubeide_1.1.0/plugins/com.st.stm32cube.ide.mcu.externaltools.gnu-tools-for-stm32.7-2018-q2-update.linux64_1.0.0.201904181610/tools/bin/../lib/gcc/arm-none-eabi/7.3.1/../../../../arm-none-eabi/lib/thumb/v7-m/libc_nano.a(lib_a-init.o)
 .text          0x0000000000000000        0x0 /opt/st/stm32cubeide_1.1.0/plugins/com.st.stm32cube.ide.mcu.externaltools.gnu-tools-for-stm32.7-2018-q2-update.linux64_1.0.0.201904181610/tools/bin/../lib/gcc/arm-none-eabi/7.3.1/../../../../arm-none-eabi/lib/thumb/v7-m/libc_nano.a(lib_a-memset.o)
 .data          0x0000000000000000        0x0 /opt/st/stm32cubeide_1.1.0/plugins/com.st.stm32cube.ide.mcu.externaltools.gnu-tools-for-stm32.7-2018-q2-update.linux64_1.0.0.201904181610/tools/bin/../lib/gcc/arm-none-eabi/7.3.1/../../../../arm-none-eabi/lib/thumb/v7-m/libc_nano.a(lib_a-memset.o)
 .bss           0x0000000000000000        0x0 /opt/st/stm32cubeide_1.1.0/plugins/com.st.stm32cube.ide.mcu.externaltools.gnu-tools-for-stm32.7-2018-q2-update.linux64_1.0.0.201904181610/tools/bin/../lib/gcc/arm-none-eabi/7.3.1/../../../../arm-none-eabi/lib/thumb/v7-m/libc_nano.a(lib_a-memset.o)
 .text.memset   0x0000000000000000       0x10 /opt/st/stm32cubeide_1.1.0/plugins/com.st.stm32cube.ide.mcu.externaltools.gnu-tools-for-stm32.7-2018-q2-update.linux64_1.0.0.201904181610/tools/bin/../lib/gcc/arm-none-eabi/7.3.1/../../../../arm-none-eabi/lib/thumb/v7-m/libc_nano.a(lib_a-memset.o)
 .debug_frame   0x0000000000000000       0x20 /opt/st/stm32cubeide_1.1.0/plugins/com.st.stm32cube.ide.mcu.externaltools.gnu-tools-for-stm32.7-2018-q2-update.linux64_1.0.0.201904181610/tools/bin/../lib/gcc/arm-none-eabi/7.3.1/../../../../arm-none-eabi/lib/thumb/v7-m/libc_nano.a(lib_a-memset.o)
 .ARM.attributes
                0x0000000000000000       0x2d /opt/st/stm32cubeide_1.1.0/plugins/com.st.stm32cube.ide.mcu.externaltools.gnu-tools-for-stm32.7-2018-q2-update.linux64_1.0.0.201904181610/tools/bin/../lib/gcc/arm-none-eabi/7.3.1/../../../../arm-none-eabi/lib/thumb/v7-m/libc_nano.a(lib_a-memset.o)
 .text          0x0000000000000000        0x0 /opt/st/stm32cubeide_1.1.0/plugins/com.st.stm32cube.ide.mcu.externaltools.gnu-tools-for-stm32.7-2018-q2-update.linux64_1.0.0.201904181610/tools/bin/../lib/gcc/arm-none-eabi/7.3.1/thumb/v7-m/crtend.o
 .data          0x0000000000000000        0x0 /opt/st/stm32cubeide_1.1.0/plugins/com.st.stm32cube.ide.mcu.externaltools.gnu-tools-for-stm32.7-2018-q2-update.linux64_1.0.0.201904181610/tools/bin/../lib/gcc/arm-none-eabi/7.3.1/thumb/v7-m/crtend.o
 .bss           0x0000000000000000        0x0 /opt/st/stm32cubeide_1.1.0/plugins/com.st.stm32cube.ide.mcu.externaltools.gnu-tools-for-stm32.7-2018-q2-update.linux64_1.0.0.201904181610/tools/bin/../lib/gcc/arm-none-eabi/7.3.1/thumb/v7-m/crtend.o
 .eh_frame      0x0000000000000000        0x4 /opt/st/stm32cubeide_1.1.0/plugins/com.st.stm32cube.ide.mcu.externaltools.gnu-tools-for-stm32.7-2018-q2-update.linux64_1.0.0.201904181610/tools/bin/../lib/gcc/arm-none-eabi/7.3.1/thumb/v7-m/crtend.o
 .ARM.attributes
                0x0000000000000000       0x2d /opt/st/stm32cubeide_1.1.0/plugins/com.st.stm32cube.ide.mcu.externaltools.gnu-tools-for-stm32.7-2018-q2-update.linux64_1.0.0.201904181610/tools/bin/../lib/gcc/arm-none-eabi/7.3.1/thumb/v7-m/crtend.o
 .text          0x0000000000000000        0x0 /opt/st/stm32cubeide_1.1.0/plugins/com.st.stm32cube.ide.mcu.externaltools.gnu-tools-for-stm32.7-2018-q2-update.linux64_1.0.0.201904181610/tools/bin/../lib/gcc/arm-none-eabi/7.3.1/thumb/v7-m/crtn.o
 .data          0x0000000000000000        0x0 /opt/st/stm32cubeide_1.1.0/plugins/com.st.stm32cube.ide.mcu.externaltools.gnu-tools-for-stm32.7-2018-q2-update.linux64_1.0.0.201904181610/tools/bin/../lib/gcc/arm-none-eabi/7.3.1/thumb/v7-m/crtn.o
 .bss           0x0000000000000000        0x0 /opt/st/stm32cubeide_1.1.0/plugins/com.st.stm32cube.ide.mcu.externaltools.gnu-tools-for-stm32.7-2018-q2-update.linux64_1.0.0.201904181610/tools/bin/../lib/gcc/arm-none-eabi/7.3.1/thumb/v7-m/crtn.o

Memory Configuration

Name             Origin             Length             Attributes
RAMEXEC          0x0000000020000000 0x0000000000002000 xrw
ROM              0x0000000008000000 0x0000000000020000 xr
*default*        0x0000000000000000 0xffffffffffffffff

Linker script and memory map

LOAD /opt/st/stm32cubeide_1.1.0/plugins/com.st.stm32cube.ide.mcu.externaltools.gnu-tools-for-stm32.7-2018-q2-update.linux64_1.0.0.201904181610/tools/bin/../lib/gcc/arm-none-eabi/7.3.1/thumb/v7-m/crti.o
LOAD /opt/st/stm32cubeide_1.1.0/plugins/com.st.stm32cube.ide.mcu.externaltools.gnu-tools-for-stm32.7-2018-q2-update.linux64_1.0.0.201904181610/tools/bin/../lib/gcc/arm-none-eabi/7.3.1/thumb/v7-m/crtbegin.o
LOAD /opt/st/stm32cubeide_1.1.0/plugins/com.st.stm32cube.ide.mcu.externaltools.gnu-tools-for-stm32.7-2018-q2-update.linux64_1.0.0.201904181610/tools/bin/../lib/gcc/arm-none-eabi/7.3.1/../../../../arm-none-eabi/lib/thumb/v7-m/crt0.o
LOAD Src/cmsis_boot/system_stm32f10x.o
LOAD Src/main.o
LOAD Src/syscalls.o
LOAD Src/sysmem.o
LOAD Src/stm_lib/src/stm32f10x_gpio.o
LOAD Src/stm_lib/src/stm32f10x_rcc.o
LOAD Startup/startup_stm32f100rbtx.o
START GROUP
LOAD /opt/st/stm32cubeide_1.1.0/plugins/com.st.stm32cube.ide.mcu.externaltools.gnu-tools-for-stm32.7-2018-q2-update.linux64_1.0.0.201904181610/tools/bin/../lib/gcc/arm-none-eabi/7.3.1/../../../../arm-none-eabi/lib/thumb/v7-m/libc_nano.a
LOAD /opt/st/stm32cubeide_1.1.0/plugins/com.st.stm32cube.ide.mcu.externaltools.gnu-tools-for-stm32.7-2018-q2-update.linux64_1.0.0.201904181610/tools/bin/../lib/gcc/arm-none-eabi/7.3.1/../../../../arm-none-eabi/lib/thumb/v7-m/libm.a
END GROUP
START GROUP
LOAD /opt/st/stm32cubeide_1.1.0/plugins/com.st.stm32cube.ide.mcu.externaltools.gnu-tools-for-stm32.7-2018-q2-update.linux64_1.0.0.201904181610/tools/bin/../lib/gcc/arm-none-eabi/7.3.1/thumb/v7-m/libgcc.a
LOAD /opt/st/stm32cubeide_1.1.0/plugins/com.st.stm32cube.ide.mcu.externaltools.gnu-tools-for-stm32.7-2018-q2-update.linux64_1.0.0.201904181610/tools/bin/../lib/gcc/arm-none-eabi/7.3.1/../../../../arm-none-eabi/lib/thumb/v7-m/libc_nano.a
END GROUP
START GROUP
LOAD /opt/st/stm32cubeide_1.1.0/plugins/com.st.stm32cube.ide.mcu.externaltools.gnu-tools-for-stm32.7-2018-q2-update.linux64_1.0.0.201904181610/tools/bin/../lib/gcc/arm-none-eabi/7.3.1/thumb/v7-m/libgcc.a
LOAD /opt/st/stm32cubeide_1.1.0/plugins/com.st.stm32cube.ide.mcu.externaltools.gnu-tools-for-stm32.7-2018-q2-update.linux64_1.0.0.201904181610/tools/bin/../lib/gcc/arm-none-eabi/7.3.1/../../../../arm-none-eabi/lib/thumb/v7-m/libc_nano.a
LOAD /opt/st/stm32cubeide_1.1.0/plugins/com.st.stm32cube.ide.mcu.externaltools.gnu-tools-for-stm32.7-2018-q2-update.linux64_1.0.0.201904181610/tools/bin/../lib/gcc/arm-none-eabi/7.3.1/../../../../arm-none-eabi/lib/thumb/v7-m/libnosys.a
END GROUP
START GROUP
LOAD /opt/st/stm32cubeide_1.1.0/plugins/com.st.stm32cube.ide.mcu.externaltools.gnu-tools-for-stm32.7-2018-q2-update.linux64_1.0.0.201904181610/tools/bin/../lib/gcc/arm-none-eabi/7.3.1/thumb/v7-m/libgcc.a
LOAD /opt/st/stm32cubeide_1.1.0/plugins/com.st.stm32cube.ide.mcu.externaltools.gnu-tools-for-stm32.7-2018-q2-update.linux64_1.0.0.201904181610/tools/bin/../lib/gcc/arm-none-eabi/7.3.1/../../../../arm-none-eabi/lib/thumb/v7-m/libc_nano.a
LOAD /opt/st/stm32cubeide_1.1.0/plugins/com.st.stm32cube.ide.mcu.externaltools.gnu-tools-for-stm32.7-2018-q2-update.linux64_1.0.0.201904181610/tools/bin/../lib/gcc/arm-none-eabi/7.3.1/../../../../arm-none-eabi/lib/thumb/v7-m/libnosys.a
END GROUP
LOAD /opt/st/stm32cubeide_1.1.0/plugins/com.st.stm32cube.ide.mcu.externaltools.gnu-tools-for-stm32.7-2018-q2-update.linux64_1.0.0.201904181610/tools/bin/../lib/gcc/arm-none-eabi/7.3.1/thumb/v7-m/crtend.o
LOAD /opt/st/stm32cubeide_1.1.0/plugins/com.st.stm32cube.ide.mcu.externaltools.gnu-tools-for-stm32.7-2018-q2-update.linux64_1.0.0.201904181610/tools/bin/../lib/gcc/arm-none-eabi/7.3.1/thumb/v7-m/crtn.o
                0x0000000020002000                _estack = (ORIGIN (RAMEXEC) + LENGTH (RAMEXEC))
                0x0000000000000200                _Min_Heap_Size = 0x200
                0x0000000000000400                _Min_Stack_Size = 0x400

.isr_vector     0x0000000008000000      0x130
                0x0000000008000000                . = ALIGN (0x4)
 *(.isr_vector)
 .isr_vector    0x0000000008000000      0x130 Startup/startup_stm32f100rbtx.o
                0x0000000008000000                g_pfnVectors
                0x0000000008000130                . = ALIGN (0x4)

.text           0x0000000008000130      0x66c
                0x0000000008000130                . = ALIGN (0x4)
 *(.text)
 .text          0x0000000008000130       0x40 /opt/st/stm32cubeide_1.1.0/plugins/com.st.stm32cube.ide.mcu.externaltools.gnu-tools-for-stm32.7-2018-q2-update.linux64_1.0.0.201904181610/tools/bin/../lib/gcc/arm-none-eabi/7.3.1/thumb/v7-m/crtbegin.o
 *(.text*)
 .text.SystemInit
                0x0000000008000170       0x70 Src/cmsis_boot/system_stm32f10x.o
                0x0000000008000170                SystemInit
 .text.SetSysClock
                0x00000000080001e0        0xc Src/cmsis_boot/system_stm32f10x.o
 .text.SetSysClockToHSE
                0x00000000080001ec       0xa0 Src/cmsis_boot/system_stm32f10x.o
 .text.initSystemClock
                0x000000000800028c       0x3a Src/main.o
                0x000000000800028c                initSystemClock
 *fill*         0x00000000080002c6        0x2 
 .text.main     0x00000000080002c8       0x9c Src/main.o
                0x00000000080002c8                main
 .text.GPIO_Init
                0x0000000008000364      0x178 Src/stm_lib/src/stm32f10x_gpio.o
                0x0000000008000364                GPIO_Init
 .text.GPIO_ResetBits
                0x00000000080004dc       0x1c Src/stm_lib/src/stm32f10x_gpio.o
                0x00000000080004dc                GPIO_ResetBits
 .text.RCC_DeInit
                0x00000000080004f8       0x64 Src/stm_lib/src/stm32f10x_rcc.o
                0x00000000080004f8                RCC_DeInit
 .text.RCC_HSEConfig
                0x000000000800055c       0x5c Src/stm_lib/src/stm32f10x_rcc.o
                0x000000000800055c                RCC_HSEConfig
 .text.RCC_HSICmd
                0x00000000080005b8       0x20 Src/stm_lib/src/stm32f10x_rcc.o
                0x00000000080005b8                RCC_HSICmd
 .text.RCC_PLLConfig
                0x00000000080005d8       0x3c Src/stm_lib/src/stm32f10x_rcc.o
                0x00000000080005d8                RCC_PLLConfig
 .text.RCC_PLLCmd
                0x0000000008000614       0x20 Src/stm_lib/src/stm32f10x_rcc.o
                0x0000000008000614                RCC_PLLCmd
 .text.RCC_PREDIV1Config
                0x0000000008000634       0x40 Src/stm_lib/src/stm32f10x_rcc.o
                0x0000000008000634                RCC_PREDIV1Config
 .text.RCC_SYSCLKConfig
                0x0000000008000674       0x38 Src/stm_lib/src/stm32f10x_rcc.o
                0x0000000008000674                RCC_SYSCLKConfig
 .text.RCC_APB2PeriphClockCmd
                0x00000000080006ac       0x3c Src/stm_lib/src/stm32f10x_rcc.o
                0x00000000080006ac                RCC_APB2PeriphClockCmd
 .text.Reset_Handler
                0x00000000080006e8       0x50 Startup/startup_stm32f100rbtx.o
                0x00000000080006e8                Reset_Handler
 .text.Default_Handler
                0x0000000008000738        0x2 Startup/startup_stm32f100rbtx.o
                0x0000000008000738                EXTI2_IRQHandler
                0x0000000008000738                DebugMon_Handler
                0x0000000008000738                TIM1_CC_IRQHandler
                0x0000000008000738                HardFault_Handler
                0x0000000008000738                SysTick_Handler
                0x0000000008000738                PVD_IRQHandler
                0x0000000008000738                PendSV_Handler
                0x0000000008000738                NMI_Handler
                0x0000000008000738                EXTI3_IRQHandler
                0x0000000008000738                EXTI0_IRQHandler
                0x0000000008000738                I2C2_EV_IRQHandler
                0x0000000008000738                TIM1_UP_TIM16_IRQHandler
                0x0000000008000738                UsageFault_Handler
                0x0000000008000738                SPI1_IRQHandler
                0x0000000008000738                TIM6_DAC_IRQHandler
                0x0000000008000738                DMA2_Channel2_IRQHandler
                0x0000000008000738                DMA1_Channel4_IRQHandler
                0x0000000008000738                USART3_IRQHandler
                0x0000000008000738                DMA1_Channel7_IRQHandler
                0x0000000008000738                UART5_IRQHandler
                0x0000000008000738                TIM4_IRQHandler
                0x0000000008000738                DMA2_Channel1_IRQHandler
                0x0000000008000738                I2C1_EV_IRQHandler
                0x0000000008000738                DMA1_Channel6_IRQHandler
                0x0000000008000738                UART4_IRQHandler
                0x0000000008000738                TIM3_IRQHandler
                0x0000000008000738                RCC_IRQHandler
                0x0000000008000738                DMA1_Channel1_IRQHandler
                0x0000000008000738                Default_Handler
                0x0000000008000738                CEC_IRQHandler
                0x0000000008000738                EXTI15_10_IRQHandler
                0x0000000008000738                TIM14_IRQHandler
                0x0000000008000738                ADC_IRQHandler
                0x0000000008000738                TIM13_IRQHandler
                0x0000000008000738                TIM12_IRQHandler
                0x0000000008000738                TIM7_IRQHandler
                0x0000000008000738                TIM5_IRQHandler
                0x0000000008000738                EXTI9_5_IRQHandler
                0x0000000008000738                TAMPER_STAMP_IRQHandler
                0x0000000008000738                RTC_WKUP_IRQHandler
                0x0000000008000738                SPI2_IRQHandler
                0x0000000008000738                MemManage_Handler
                0x0000000008000738                SVC_Handler
                0x0000000008000738                DMA1_Channel5_IRQHandler
                0x0000000008000738                EXTI4_IRQHandler
                0x0000000008000738                TIM1_TRG_COM_TIM17_IRQHandler
                0x0000000008000738                DMA1_Channel3_IRQHandler
                0x0000000008000738                FSMC_IRQHandler
                0x0000000008000738                WWDG_IRQHandler
                0x0000000008000738                TIM2_IRQHandler
                0x0000000008000738                EXTI1_IRQHandler
                0x0000000008000738                RTCAlarm_IRQHandler
                0x0000000008000738                DMA2_Channel4_5_IRQHandler
                0x0000000008000738                USART2_IRQHandler
                0x0000000008000738                I2C2_ER_IRQHandler
                0x0000000008000738                DMA1_Channel2_IRQHandler
                0x0000000008000738                FLASH_IRQHandler
                0x0000000008000738                BusFault_Handler
                0x0000000008000738                USART1_IRQHandler
                0x0000000008000738                SPI3_IRQHandler
                0x0000000008000738                I2C1_ER_IRQHandler
                0x0000000008000738                DMA2_Channel3_IRQHandler
                0x0000000008000738                TIM1_BRK_TIM15_IRQHandler
 *fill*         0x000000000800073a        0x2 
 .text.__libc_init_array
                0x000000000800073c       0x48 /opt/st/stm32cubeide_1.1.0/plugins/com.st.stm32cube.ide.mcu.externaltools.gnu-tools-for-stm32.7-2018-q2-update.linux64_1.0.0.201904181610/tools/bin/../lib/gcc/arm-none-eabi/7.3.1/../../../../arm-none-eabi/lib/thumb/v7-m/libc_nano.a(lib_a-init.o)
                0x000000000800073c                __libc_init_array
 *(.glue_7)
 .glue_7        0x0000000008000784        0x0 linker stubs
 *(.glue_7t)
 .glue_7t       0x0000000008000784        0x0 linker stubs
 *(.eh_frame)
 .eh_frame      0x0000000008000784        0x0 /opt/st/stm32cubeide_1.1.0/plugins/com.st.stm32cube.ide.mcu.externaltools.gnu-tools-for-stm32.7-2018-q2-update.linux64_1.0.0.201904181610/tools/bin/../lib/gcc/arm-none-eabi/7.3.1/thumb/v7-m/crtbegin.o
 *(.init)
 .init          0x0000000008000784        0x4 /opt/st/stm32cubeide_1.1.0/plugins/com.st.stm32cube.ide.mcu.externaltools.gnu-tools-for-stm32.7-2018-q2-update.linux64_1.0.0.201904181610/tools/bin/../lib/gcc/arm-none-eabi/7.3.1/thumb/v7-m/crti.o
                0x0000000008000784                _init
 .init          0x0000000008000788        0x8 /opt/st/stm32cubeide_1.1.0/plugins/com.st.stm32cube.ide.mcu.externaltools.gnu-tools-for-stm32.7-2018-q2-update.linux64_1.0.0.201904181610/tools/bin/../lib/gcc/arm-none-eabi/7.3.1/thumb/v7-m/crtn.o
 *(.fini)
 .fini          0x0000000008000790        0x4 /opt/st/stm32cubeide_1.1.0/plugins/com.st.stm32cube.ide.mcu.externaltools.gnu-tools-for-stm32.7-2018-q2-update.linux64_1.0.0.201904181610/tools/bin/../lib/gcc/arm-none-eabi/7.3.1/thumb/v7-m/crti.o
                0x0000000008000790                _fini
 .fini          0x0000000008000794        0x8 /opt/st/stm32cubeide_1.1.0/plugins/com.st.stm32cube.ide.mcu.externaltools.gnu-tools-for-stm32.7-2018-q2-update.linux64_1.0.0.201904181610/tools/bin/../lib/gcc/arm-none-eabi/7.3.1/thumb/v7-m/crtn.o
                0x000000000800079c                . = ALIGN (0x4)
                0x000000000800079c                _etext = .

.vfp11_veneer   0x000000000800079c        0x0
 .vfp11_veneer  0x000000000800079c        0x0 linker stubs

.v4_bx          0x000000000800079c        0x0
 .v4_bx         0x000000000800079c        0x0 linker stubs

.iplt           0x000000000800079c        0x0
 .iplt          0x000000000800079c        0x0 /opt/st/stm32cubeide_1.1.0/plugins/com.st.stm32cube.ide.mcu.externaltools.gnu-tools-for-stm32.7-2018-q2-update.linux64_1.0.0.201904181610/tools/bin/../lib/gcc/arm-none-eabi/7.3.1/thumb/v7-m/crtbegin.o

.rel.dyn        0x000000000800079c        0x0
 .rel.iplt      0x000000000800079c        0x0 /opt/st/stm32cubeide_1.1.0/plugins/com.st.stm32cube.ide.mcu.externaltools.gnu-tools-for-stm32.7-2018-q2-update.linux64_1.0.0.201904181610/tools/bin/../lib/gcc/arm-none-eabi/7.3.1/thumb/v7-m/crtbegin.o

.rodata         0x000000000800079c        0x0
                0x000000000800079c                . = ALIGN (0x4)
 *(.rodata)
 *(.rodata*)
                0x000000000800079c                . = ALIGN (0x4)

.ARM.extab      0x000000000800079c        0x0
                0x000000000800079c                . = ALIGN (0x4)
 *(.ARM.extab* .gnu.linkonce.armextab.*)
                0x000000000800079c                . = ALIGN (0x4)

.ARM            0x000000000800079c        0x0
                0x000000000800079c                . = ALIGN (0x4)
                0x000000000800079c                __exidx_start = .
 *(.ARM.exidx*)
                0x000000000800079c                __exidx_end = .
                0x000000000800079c                . = ALIGN (0x4)

.preinit_array  0x000000000800079c        0x0
                0x000000000800079c                . = ALIGN (0x4)
                0x000000000800079c                PROVIDE (__preinit_array_start = .)
 *(.preinit_array*)
                0x000000000800079c                PROVIDE (__preinit_array_end = .)
                0x000000000800079c                . = ALIGN (0x4)

.init_array     0x000000000800079c        0x4
                0x000000000800079c                . = ALIGN (0x4)
                0x000000000800079c                PROVIDE (__init_array_start = .)
 *(SORT_BY_NAME(.init_array.*))
 *(.init_array*)
 .init_array    0x000000000800079c        0x4 /opt/st/stm32cubeide_1.1.0/plugins/com.st.stm32cube.ide.mcu.externaltools.gnu-tools-for-stm32.7-2018-q2-update.linux64_1.0.0.201904181610/tools/bin/../lib/gcc/arm-none-eabi/7.3.1/thumb/v7-m/crtbegin.o
                0x00000000080007a0                PROVIDE (__init_array_end = .)
                0x00000000080007a0                . = ALIGN (0x4)

.fini_array     0x00000000080007a0        0x4
                0x00000000080007a0                . = ALIGN (0x4)
                [!provide]                        PROVIDE (__fini_array_start = .)
 *(SORT_BY_NAME(.fini_array.*))
 *(.fini_array*)
 .fini_array    0x00000000080007a0        0x4 /opt/st/stm32cubeide_1.1.0/plugins/com.st.stm32cube.ide.mcu.externaltools.gnu-tools-for-stm32.7-2018-q2-update.linux64_1.0.0.201904181610/tools/bin/../lib/gcc/arm-none-eabi/7.3.1/thumb/v7-m/crtbegin.o
                [!provide]                        PROVIDE (__fini_array_end = .)
                0x00000000080007a4                . = ALIGN (0x4)
                0x00000000080007a4                _sidata = LOADADDR (.data)

.data           0x0000000020000000        0x0 load address 0x00000000080007a4
                0x0000000020000000                . = ALIGN (0x4)
                0x0000000020000000                _sdata = .
 *(.data)
 *(.data*)
                0x0000000020000000                . = ALIGN (0x4)
                0x0000000020000000                _edata = .

.igot.plt       0x0000000020000000        0x0 load address 0x00000000080007a4
 .igot.plt      0x0000000020000000        0x0 /opt/st/stm32cubeide_1.1.0/plugins/com.st.stm32cube.ide.mcu.externaltools.gnu-tools-for-stm32.7-2018-q2-update.linux64_1.0.0.201904181610/tools/bin/../lib/gcc/arm-none-eabi/7.3.1/thumb/v7-m/crtbegin.o
                0x0000000020000000                . = ALIGN (0x4)

.bss            0x0000000020000000       0x1c load address 0x00000000080007a4
                0x0000000020000000                _sbss = .
                0x0000000020000000                __bss_start__ = _sbss
 *(.bss)
 .bss           0x0000000020000000       0x1c /opt/st/stm32cubeide_1.1.0/plugins/com.st.stm32cube.ide.mcu.externaltools.gnu-tools-for-stm32.7-2018-q2-update.linux64_1.0.0.201904181610/tools/bin/../lib/gcc/arm-none-eabi/7.3.1/thumb/v7-m/crtbegin.o
 *(.bss*)
 *(COMMON)
                0x000000002000001c                . = ALIGN (0x4)
                0x000000002000001c                _ebss = .
                0x000000002000001c                __bss_end__ = _ebss

._user_heap_stack
                0x000000002000001c      0x604 load address 0x00000000080007a4
                0x0000000020000020                . = ALIGN (0x8)
 *fill*         0x000000002000001c        0x4 
                0x0000000020000020                PROVIDE (end = .)
                [!provide]                        PROVIDE (_end = .)
                0x0000000020000220                . = (. + _Min_Heap_Size)
 *fill*         0x0000000020000020      0x200 
                0x0000000020000620                . = (. + _Min_Stack_Size)
 *fill*         0x0000000020000220      0x400 
                0x0000000020000620                . = ALIGN (0x8)

/DISCARD/
 libc.a(*)
 libm.a(*)
 libgcc.a(*)

.ARM.attributes
                0x0000000000000000       0x29
 *(.ARM.attributes)
 .ARM.attributes
                0x0000000000000000       0x1d /opt/st/stm32cubeide_1.1.0/plugins/com.st.stm32cube.ide.mcu.externaltools.gnu-tools-for-stm32.7-2018-q2-update.linux64_1.0.0.201904181610/tools/bin/../lib/gcc/arm-none-eabi/7.3.1/thumb/v7-m/crti.o
 .ARM.attributes
                0x000000000000001d       0x2d /opt/st/stm32cubeide_1.1.0/plugins/com.st.stm32cube.ide.mcu.externaltools.gnu-tools-for-stm32.7-2018-q2-update.linux64_1.0.0.201904181610/tools/bin/../lib/gcc/arm-none-eabi/7.3.1/thumb/v7-m/crtbegin.o
 .ARM.attributes
                0x000000000000004a       0x33 Src/cmsis_boot/system_stm32f10x.o
 .ARM.attributes
                0x000000000000007d       0x33 Src/main.o
 .ARM.attributes
                0x00000000000000b0       0x33 Src/stm_lib/src/stm32f10x_gpio.o
 .ARM.attributes
                0x00000000000000e3       0x33 Src/stm_lib/src/stm32f10x_rcc.o
 .ARM.attributes
                0x0000000000000116       0x21 Startup/startup_stm32f100rbtx.o
 .ARM.attributes
                0x0000000000000137       0x2d /opt/st/stm32cubeide_1.1.0/plugins/com.st.stm32cube.ide.mcu.externaltools.gnu-tools-for-stm32.7-2018-q2-update.linux64_1.0.0.201904181610/tools/bin/../lib/gcc/arm-none-eabi/7.3.1/../../../../arm-none-eabi/lib/thumb/v7-m/libc_nano.a(lib_a-init.o)
 .ARM.attributes
                0x0000000000000164       0x1d /opt/st/stm32cubeide_1.1.0/plugins/com.st.stm32cube.ide.mcu.externaltools.gnu-tools-for-stm32.7-2018-q2-update.linux64_1.0.0.201904181610/tools/bin/../lib/gcc/arm-none-eabi/7.3.1/thumb/v7-m/crtn.o
OUTPUT(Template.elf elf32-littlearm)

.debug_info     0x0000000000000000     0x16d9
 .debug_info    0x0000000000000000      0x446 Src/cmsis_boot/system_stm32f10x.o
 .debug_info    0x0000000000000446      0x250 Src/main.o
 .debug_info    0x0000000000000696      0x702 Src/stm_lib/src/stm32f10x_gpio.o
 .debug_info    0x0000000000000d98      0x91f Src/stm_lib/src/stm32f10x_rcc.o
 .debug_info    0x00000000000016b7       0x22 Startup/startup_stm32f100rbtx.o

.debug_abbrev   0x0000000000000000      0x66f
 .debug_abbrev  0x0000000000000000      0x173 Src/cmsis_boot/system_stm32f10x.o
 .debug_abbrev  0x0000000000000173      0x132 Src/main.o
 .debug_abbrev  0x00000000000002a5      0x1e4 Src/stm_lib/src/stm32f10x_gpio.o
 .debug_abbrev  0x0000000000000489      0x1d4 Src/stm_lib/src/stm32f10x_rcc.o
 .debug_abbrev  0x000000000000065d       0x12 Startup/startup_stm32f100rbtx.o

.debug_aranges  0x0000000000000000      0x250
 .debug_aranges
                0x0000000000000000       0x38 Src/cmsis_boot/system_stm32f10x.o
 .debug_aranges
                0x0000000000000038       0x28 Src/main.o
 .debug_aranges
                0x0000000000000060       0xa8 Src/stm_lib/src/stm32f10x_gpio.o
 .debug_aranges
                0x0000000000000108      0x120 Src/stm_lib/src/stm32f10x_rcc.o
 .debug_aranges
                0x0000000000000228       0x28 Startup/startup_stm32f100rbtx.o

.debug_ranges   0x0000000000000000      0x208
 .debug_ranges  0x0000000000000000       0x28 Src/cmsis_boot/system_stm32f10x.o
 .debug_ranges  0x0000000000000028       0x18 Src/main.o
 .debug_ranges  0x0000000000000040       0x98 Src/stm_lib/src/stm32f10x_gpio.o
 .debug_ranges  0x00000000000000d8      0x110 Src/stm_lib/src/stm32f10x_rcc.o
 .debug_ranges  0x00000000000001e8       0x20 Startup/startup_stm32f100rbtx.o

.debug_macro    0x0000000000000000     0xab48
 .debug_macro   0x0000000000000000       0xc0 Src/cmsis_boot/system_stm32f10x.o
 .debug_macro   0x00000000000000c0      0xa60 Src/cmsis_boot/system_stm32f10x.o
 .debug_macro   0x0000000000000b20       0x62 Src/cmsis_boot/system_stm32f10x.o
 .debug_macro   0x0000000000000b82       0x3a Src/cmsis_boot/system_stm32f10x.o
 .debug_macro   0x0000000000000bbc       0x22 Src/cmsis_boot/system_stm32f10x.o
 .debug_macro   0x0000000000000bde       0x8e Src/cmsis_boot/system_stm32f10x.o
 .debug_macro   0x0000000000000c6c       0x51 Src/cmsis_boot/system_stm32f10x.o
 .debug_macro   0x0000000000000cbd       0xef Src/cmsis_boot/system_stm32f10x.o
 .debug_macro   0x0000000000000dac       0x6a Src/cmsis_boot/system_stm32f10x.o
 .debug_macro   0x0000000000000e16      0x1df Src/cmsis_boot/system_stm32f10x.o
 .debug_macro   0x0000000000000ff5       0x18 Src/cmsis_boot/system_stm32f10x.o
 .debug_macro   0x000000000000100d      0xa8b Src/cmsis_boot/system_stm32f10x.o
 .debug_macro   0x0000000000001a98     0x7ea5 Src/cmsis_boot/system_stm32f10x.o
 .debug_macro   0x000000000000993d       0x10 Src/cmsis_boot/system_stm32f10x.o
 .debug_macro   0x000000000000994d       0x35 Src/cmsis_boot/system_stm32f10x.o
 .debug_macro   0x0000000000009982       0xbf Src/main.o
 .debug_macro   0x0000000000009a41      0x2ac Src/main.o
 .debug_macro   0x0000000000009ced      0x461 Src/main.o
 .debug_macro   0x000000000000a14e      0x113 Src/stm_lib/src/stm32f10x_gpio.o
 .debug_macro   0x000000000000a261      0x2a6 Src/stm_lib/src/stm32f10x_gpio.o
 .debug_macro   0x000000000000a507      0x1e6 Src/stm_lib/src/stm32f10x_rcc.o
 .debug_macro   0x000000000000a6ed      0x45b Src/stm_lib/src/stm32f10x_rcc.o

.debug_line     0x0000000000000000     0x1836
 .debug_line    0x0000000000000000      0x4a0 Src/cmsis_boot/system_stm32f10x.o
 .debug_line    0x00000000000004a0      0x4e8 Src/main.o
 .debug_line    0x0000000000000988      0x699 Src/stm_lib/src/stm32f10x_gpio.o
 .debug_line    0x0000000000001021      0x791 Src/stm_lib/src/stm32f10x_rcc.o
 .debug_line    0x00000000000017b2       0x84 Startup/startup_stm32f100rbtx.o

.debug_str      0x0000000000000000    0x38f05
 .debug_str     0x0000000000000000    0x33d03 Src/cmsis_boot/system_stm32f10x.o
                                      0x33e94 (size before relaxing)
 .debug_str     0x0000000000033d03     0x41d8 Src/main.o
                                      0x37ebe (size before relaxing)
 .debug_str     0x0000000000037edb      0x4ac Src/stm_lib/src/stm32f10x_gpio.o
                                      0x38350 (size before relaxing)
 .debug_str     0x0000000000038387      0xb4d Src/stm_lib/src/stm32f10x_rcc.o
                                      0x36d10 (size before relaxing)
 .debug_str     0x0000000000038ed4       0x31 Startup/startup_stm32f100rbtx.o
                                         0x69 (size before relaxing)

.comment        0x0000000000000000       0x7b
 .comment       0x0000000000000000       0x7b Src/cmsis_boot/system_stm32f10x.o
                                         0x7c (size before relaxing)
 .comment       0x000000000000007b       0x7c Src/main.o
 .comment       0x000000000000007b       0x7c Src/stm_lib/src/stm32f10x_gpio.o
 .comment       0x000000000000007b       0x7c Src/stm_lib/src/stm32f10x_rcc.o

.debug_frame    0x0000000000000000      0x8fc
 .debug_frame   0x0000000000000000       0x98 Src/cmsis_boot/system_stm32f10x.o
 .debug_frame   0x0000000000000098       0x4c Src/main.o
 .debug_frame   0x00000000000000e4      0x2d0 Src/stm_lib/src/stm32f10x_gpio.o
 .debug_frame   0x00000000000003b4      0x51c Src/stm_lib/src/stm32f10x_rcc.o
 .debug_frame   0x00000000000008d0       0x2c /opt/st/stm32cubeide_1.1.0/plugins/com.st.stm32cube.ide.mcu.externaltools.gnu-tools-for-stm32.7-2018-q2-update.linux64_1.0.0.201904181610/tools/bin/../lib/gcc/arm-none-eabi/7.3.1/../../../../arm-none-eabi/lib/thumb/v7-m/libc_nano.a(lib_a-init.o)
